[gizmoder.com/demo/html/omnivus/omnivus/index-4.html]
[backblue.gif]
[fade.gif]
[index.html]
[gizmoder.com/demo/html/omnivus/omnivus/assets/images/favicon.ico]
[gizmoder.com/demo/html/omnivus/omnivus/assets/css/bootstrap.min.css]
[gizmoder.com/demo/html/omnivus/omnivus/assets/css/all.css]
[gizmoder.com/demo/html/omnivus/omnivus/assets/css/magnific-popup.css]
[gizmoder.com/demo/html/omnivus/omnivus/assets/css/nice-select.css]
[gizmoder.com/demo/html/omnivus/omnivus/assets/css/animate.min.css]
[gizmoder.com/demo/html/omnivus/omnivus/assets/css/slick.css]
[gizmoder.com/demo/html/omnivus/omnivus/assets/css/default.css]
[gizmoder.com/demo/html/omnivus/omnivus/assets/css/style.css]
[gizmoder.com/demo/html/omnivus/omnivus/assets/images/logo-3.png]
[gizmoder.com/demo/html/omnivus/omnivus/index-2.html]
[gizmoder.com/demo/html/omnivus/omnivus/index.html]
[gizmoder.com/demo/html/omnivus/omnivus/index-3.html]
[gizmoder.com/demo/html/omnivus/omnivus/about.html]
[gizmoder.com/demo/html/omnivus/omnivus/services.html]
[gizmoder.com/demo/html/omnivus/omnivus/services-details.html]
[gizmoder.com/demo/html/omnivus/omnivus/case-study.html]
[gizmoder.com/demo/html/omnivus/omnivus/case-details.html]
[gizmoder.com/demo/html/omnivus/omnivus/coming-soon.html]
[gizmoder.com/demo/html/omnivus/omnivus/error.html]
[gizmoder.com/demo/html/omnivus/omnivus/faq.html]
[gizmoder.com/demo/html/omnivus/omnivus/pricing.html]
[gizmoder.com/demo/html/omnivus/omnivus/shop.html]
[gizmoder.com/demo/html/omnivus/omnivus/shop-details.html]
[gizmoder.com/demo/html/omnivus/omnivus/team.html]
[gizmoder.com/demo/html/omnivus/omnivus/team-details.html]
[gizmoder.com/demo/html/omnivus/omnivus/blog-standard.html]
[gizmoder.com/demo/html/omnivus/omnivus/blog-grid.html]
[gizmoder.com/demo/html/omnivus/omnivus/blog-details.html]
[gizmoder.com/demo/html/omnivus/omnivus/contact.html]
[gizmoder.com/demo/html/omnivus/omnivus/assets/images/flag-1.jpg]
[gizmoder.com/demo/html/omnivus/omnivus/assets/images/banner-bg-3.jpg]
[gizmoder.com/demo/html/omnivus/omnivus/assets/images/banner-shape-1.png]
[gizmoder.com/demo/html/omnivus/omnivus/assets/images/banner-shape-2.png]
[gizmoder.com/demo/html/omnivus/omnivus/assets/images/brand-1.png]
[gizmoder.com/demo/html/omnivus/omnivus/assets/images/brand-2.png]
[gizmoder.com/demo/html/omnivus/omnivus/assets/images/brand-5.png]
[gizmoder.com/demo/html/omnivus/omnivus/assets/images/brand-4.png]
[gizmoder.com/demo/html/omnivus/omnivus/assets/images/features-thumb.jpg]
[gizmoder.com/demo/html/omnivus/omnivus/assets/images/services-1.png]
[gizmoder.com/demo/html/omnivus/omnivus/assets/images/services-2.png]
[gizmoder.com/demo/html/omnivus/omnivus/assets/images/choose-thumb-1.jpg]
[gizmoder.com/demo/html/omnivus/omnivus/assets/images/choose-thumb-2.jpg]
[gizmoder.com/demo/html/omnivus/omnivus/assets/images/choose-video-thumb.jpg]
[gizmoder.com/demo/html/omnivus/omnivus/assets/images/portfolio-thumb-1.jpg]
[gizmoder.com/demo/html/omnivus/omnivus/assets/images/portfolio-thumb-2.jpg]
[gizmoder.com/demo/html/omnivus/omnivus/assets/images/portfolio-thumb-3.jpg]
[gizmoder.com/demo/html/omnivus/omnivus/assets/images/portfolio-thumb-4.jpg]
[gizmoder.com/demo/html/omnivus/omnivus/assets/images/portfolio-thumb-5.jpg]
[gizmoder.com/demo/html/omnivus/omnivus/assets/images/portfolio-thumb-6.jpg]
[gizmoder.com/demo/html/omnivus/omnivus/assets/images/video-bg.jpg]
[gizmoder.com/demo/html/omnivus/omnivus/assets/images/faq-thumb-1.jpg]
[gizmoder.com/demo/html/omnivus/omnivus/assets/images/faq-thumb-2.jpg]
[gizmoder.com/demo/html/omnivus/omnivus/assets/images/logo-1.1.png]
[gizmoder.com/cdn-cgi/scripts/5c5dd728/cloudflare-static/email-decode.min.js]
[gizmoder.com/demo/html/omnivus/omnivus/assets/js/vendor/modernizr-3.6.0.min.js]
[gizmoder.com/demo/html/omnivus/omnivus/assets/js/vendor/jquery-1.12.4.min.js]
[gizmoder.com/demo/html/omnivus/omnivus/assets/js/bootstrap.min.js]
[gizmoder.com/demo/html/omnivus/omnivus/assets/js/popper.min.js]
[gizmoder.com/demo/html/omnivus/omnivus/assets/js/slick.min.js]
[gizmoder.com/demo/html/omnivus/omnivus/assets/js/isotope.pkgd.min.js]
[gizmoder.com/demo/html/omnivus/omnivus/assets/js/imagesloaded.pkgd.min.js]
[gizmoder.com/demo/html/omnivus/omnivus/assets/js/jquery.magnific-popup.min.js]
[gizmoder.com/demo/html/omnivus/omnivus/assets/js/jquery.counterup.min.js]
[gizmoder.com/demo/html/omnivus/omnivus/assets/js/circle-progress.min.js]
[gizmoder.com/demo/html/omnivus/omnivus/assets/js/ajax-contact.js]
[gizmoder.com/demo/html/omnivus/omnivus/assets/js/jquery.syotimer.min.js]
[gizmoder.com/demo/html/omnivus/omnivus/assets/js/jquery.nice-select.min.js]
[gizmoder.com/demo/html/omnivus/omnivus/assets/js/wow.min.js]
[gizmoder.com/demo/html/omnivus/omnivus/assets/js/waypoints.min.js]
[gizmoder.com/demo/html/omnivus/omnivus/assets/js/main.js]
[ajax.cloudflare.com/cdn-cgi/scripts/7089c43e/cloudflare-static/rocket-loader.min.js]
[gizmoder.com/demo/html/omnivus/omnivus/index-4.html]
[gizmoder.com/demo/html/omnivus/omnivus/assets/css/bootstrap.min.css]
[static.cloudflareinsights.com/beacon.min.js]
[gizmoder.com/demo/html/omnivus/omnivus/assets/fonts/fa-brands-400.svg]
[gizmoder.com/demo/html/omnivus/omnivus/assets/fonts/fa-light-300.svg]
[gizmoder.com/demo/html/omnivus/omnivus/assets/fonts/fa-regular-400.svg]
[gizmoder.com/demo/html/omnivus/omnivus/assets/fonts/fa-solid-900.svg]
[gizmoder.com/demo/html/omnivus/omnivus/assets/css/all.css]
[gizmoder.com/demo/html/omnivus/omnivus/assets/css/magnific-popup.css]
[gizmoder.com/demo/html/omnivus/omnivus/assets/css/nice-select.css]
[gizmoder.com/demo/html/omnivus/omnivus/assets/css/animate.min.css]
[gizmoder.com/demo/html/omnivus/omnivus/assets/css/slick.css]
[gizmoder.com/demo/html/omnivus/omnivus/assets/css/default.css]
[gizmoder.com/demo/html/omnivus/omnivus/assets/fonts/GilroyBold.svg]
[gizmoder.com/demo/html/omnivus/omnivus/assets/images/banner-gradient-bg.png]
[gizmoder.com/demo/html/omnivus/omnivus/assets/images/banner-gradient-bg-2.png]
[gizmoder.com/demo/html/omnivus/omnivus/assets/images/what-we-are-dot.png]
[gizmoder.com/demo/html/omnivus/omnivus/assets/css/style.css]
[gizmoder.com/demo/html/omnivus/omnivus/assets/images/logo-2.png]
[gizmoder.com/demo/html/omnivus/omnivus/assets/images/banner-man.png]
[gizmoder.com/demo/html/omnivus/omnivus/assets/images/about-thumb.jpg]
[gizmoder.com/demo/html/omnivus/omnivus/assets/images/intro-video-bg.jpg]
[gizmoder.com/demo/html/omnivus/omnivus/assets/images/intro-thumb.jpg]
[gizmoder.com/demo/html/omnivus/omnivus/www.youtube.com/watch05ac]
[gizmoder.com/demo/html/omnivus/omnivus/assets/images/leadership-1.jpg]
[gizmoder.com/demo/html/omnivus/omnivus/assets/images/leadership-2.jpg]
[gizmoder.com/demo/html/omnivus/omnivus/assets/images/leadership-3.jpg]
[gizmoder.com/demo/html/omnivus/omnivus/assets/images/form-bg.jpg]
[gizmoder.com/demo/html/omnivus/omnivus/assets/images/answers-thumb-1.jpg]
[gizmoder.com/demo/html/omnivus/omnivus/assets/images/answers-thumb-2.jpg]
[gizmoder.com/demo/html/omnivus/omnivus/assets/images/action-bg.jpg]
[gizmoder.com/demo/html/omnivus/omnivus/assets/images/news-1.jpg]
[gizmoder.com/demo/html/omnivus/omnivus/assets/images/news-2.jpg]
[gizmoder.com/demo/html/omnivus/omnivus/assets/images/news-3.jpg]
[gizmoder.com/demo/html/omnivus/omnivus/assets/images/footer-bg.jpg]
[gizmoder.com/demo/html/omnivus/omnivus/index-2.html]
[gizmoder.com/demo/html/omnivus/omnivus/assets/images/logo.png]
[gizmoder.com/demo/html/omnivus/omnivus/assets/images/banner-bg-1.1.jpg]
[gizmoder.com/demo/html/omnivus/omnivus/assets/images/banner-bg-1.2.jpg]
[gizmoder.com/demo/html/omnivus/omnivus/assets/images/banner-bg-1.3.jpg]
[gizmoder.com/demo/html/omnivus/omnivus/assets/images/what-we-are-shape-1.png]
[gizmoder.com/demo/html/omnivus/omnivus/assets/images/what-we-are-shape-2.png]
[gizmoder.com/demo/html/omnivus/omnivus/assets/images/solution-bg.jpg]
[gizmoder.com/demo/html/omnivus/omnivus/assets/images/services-4.1.jpg]
[gizmoder.com/demo/html/omnivus/omnivus/assets/images/services-4.2.jpg]
[gizmoder.com/demo/html/omnivus/omnivus/assets/images/services-4.3.jpg]
[gizmoder.com/demo/html/omnivus/omnivus/assets/images/services-4.4.jpg]
[gizmoder.com/demo/html/omnivus/omnivus/assets/images/services-4.5.jpg]
[gizmoder.com/demo/html/omnivus/omnivus/assets/images/services-4.6.jpg]
[gizmoder.com/demo/html/omnivus/omnivus/assets/images/choose-dot.png]
[gizmoder.com/demo/html/omnivus/omnivus/assets/images/choose-shape.png]
[gizmoder.com/demo/html/omnivus/omnivus/assets/images/case-studies-1.jpg]
[gizmoder.com/demo/html/omnivus/omnivus/assets/images/case-studies-2.jpg]
[gizmoder.com/demo/html/omnivus/omnivus/assets/images/case-studies-3.jpg]
[gizmoder.com/demo/html/omnivus/omnivus/assets/images/case-studies-4.jpg]
[gizmoder.com/demo/html/omnivus/omnivus/assets/images/team-member-1.jpg]
[gizmoder.com/demo/html/omnivus/omnivus/assets/images/team-member-2.jpg]
[gizmoder.com/demo/html/omnivus/omnivus/assets/images/team-member-3.jpg]
[gizmoder.com/demo/html/omnivus/omnivus/assets/images/team-member-4.jpg]
[gizmoder.com/demo/html/omnivus/omnivus/assets/images/team-member-5.jpg]
[gizmoder.com/demo/html/omnivus/omnivus/assets/images/team-member-6.jpg]
[gizmoder.com/demo/html/omnivus/omnivus/assets/images/contact-bg.jpg]
[gizmoder.com/demo/html/omnivus/omnivus/assets/images/contact-man.jpg]
[gizmoder.com/demo/html/omnivus/omnivus/assets/images/meet-us-bg.jpg]
[gizmoder.com/demo/html/omnivus/omnivus/assets/images/brand-item-1.png]
[gizmoder.com/demo/html/omnivus/omnivus/assets/images/brand-item-2.png]
[gizmoder.com/demo/html/omnivus/omnivus/assets/images/brand-item-3.png]
[gizmoder.com/demo/html/omnivus/omnivus/assets/images/brand-item-4.png]
[gizmoder.com/demo/html/omnivus/omnivus/assets/images/brand-item-5.png]
[gizmoder.com/demo/html/omnivus/omnivus/assets/images/brand-item-6.png]
[gizmoder.com/demo/html/omnivus/omnivus/index.html]
[gizmoder.com/demo/html/omnivus/omnivus/assets/images/banner-bg.jpg]
[gizmoder.com/demo/html/omnivus/omnivus/assets/images/services-3.png]
[gizmoder.com/demo/html/omnivus/omnivus/assets/images/video-item-1.png]
[gizmoder.com/demo/html/omnivus/omnivus/assets/images/video-item-2.png]
[gizmoder.com/demo/html/omnivus/omnivus/assets/images/portfolio-1.jpg]
[gizmoder.com/demo/html/omnivus/omnivus/assets/images/portfolio-2.jpg]
[gizmoder.com/demo/html/omnivus/omnivus/assets/images/portfolio-3.jpg]
[gizmoder.com/demo/html/omnivus/omnivus/assets/images/team-1.png]
[gizmoder.com/demo/html/omnivus/omnivus/assets/images/team-2.png]
[gizmoder.com/demo/html/omnivus/omnivus/assets/images/team-3.png]
[gizmoder.com/demo/html/omnivus/omnivus/assets/images/team-4.png]
[gizmoder.com/demo/html/omnivus/omnivus/assets/images/team-5.png]
[gizmoder.com/demo/html/omnivus/omnivus/assets/images/team-6.png]
[gizmoder.com/demo/html/omnivus/omnivus/assets/images/team-7.png]
[gizmoder.com/demo/html/omnivus/omnivus/assets/images/team-8.png]
[gizmoder.com/demo/html/omnivus/omnivus/assets/images/action-pattern.png]
[gizmoder.com/demo/html/omnivus/omnivus/assets/images/logo-2.1.png]
[gizmoder.com/demo/html/omnivus/omnivus/index-3.html]
[gizmoder.com/demo/html/omnivus/omnivus/assets/images/experience-1.jpg]
[gizmoder.com/demo/html/omnivus/omnivus/assets/images/experience-2.jpg]
[gizmoder.com/demo/html/omnivus/omnivus/assets/images/experience-3.jpg]
[gizmoder.com/demo/html/omnivus/omnivus/assets/images/about-intro-thumb.jpg]
[gizmoder.com/demo/html/omnivus/omnivus/assets/images/history-1.jpg]
[gizmoder.com/demo/html/omnivus/omnivus/assets/images/history-2.jpg]
[gizmoder.com/demo/html/omnivus/omnivus/assets/images/history-3.jpg]
[gizmoder.com/demo/html/omnivus/omnivus/assets/images/history-4.jpg]
[gizmoder.com/demo/html/omnivus/omnivus/assets/images/faq-bg.jpg]
[gizmoder.com/demo/html/omnivus/omnivus/about.html]
[gizmoder.com/demo/html/omnivus/omnivus/assets/images/services-thumb-1.jpg]
[gizmoder.com/demo/html/omnivus/omnivus/assets/images/services-thumb-2.jpg]
[gizmoder.com/demo/html/omnivus/omnivus/assets/images/services-thumb-3.jpg]
[gizmoder.com/demo/html/omnivus/omnivus/assets/images/services-thumb-5.jpg]
[gizmoder.com/demo/html/omnivus/omnivus/assets/images/services-thumb-4.jpg]
[gizmoder.com/demo/html/omnivus/omnivus/assets/images/services-thumb-6.jpg]
[gizmoder.com/demo/html/omnivus/omnivus/assets/images/plans-thumb.jpg]
[gizmoder.com/demo/html/omnivus/omnivus/services.html]
[gizmoder.com/demo/html/omnivus/omnivus/assets/images/services-op-1.jpg]
[gizmoder.com/demo/html/omnivus/omnivus/assets/images/services-op-2.jpg]
[gizmoder.com/demo/html/omnivus/omnivus/services-details.html]
[gizmoder.com/demo/html/omnivus/omnivus/assets/images/case-study-1.jpg]
[gizmoder.com/demo/html/omnivus/omnivus/assets/images/case-study-2.jpg]
[gizmoder.com/demo/html/omnivus/omnivus/assets/images/case-study-3.jpg]
[gizmoder.com/demo/html/omnivus/omnivus/assets/images/case-study-4.jpg]
[gizmoder.com/demo/html/omnivus/omnivus/assets/images/case-study-5.jpg]
[gizmoder.com/demo/html/omnivus/omnivus/assets/images/case-study-6.jpg]
[gizmoder.com/demo/html/omnivus/omnivus/assets/images/case-study-7.jpg]
[gizmoder.com/demo/html/omnivus/omnivus/assets/images/case-study-8.jpg]
[gizmoder.com/demo/html/omnivus/omnivus/assets/images/case-study-9.jpg]
[gizmoder.com/demo/html/omnivus/omnivus/assets/images/case-study-10.jpg]
[gizmoder.com/demo/html/omnivus/omnivus/assets/images/case-study-11.jpg]
[gizmoder.com/demo/html/omnivus/omnivus/assets/images/case-study-12.jpg]
[gizmoder.com/demo/html/omnivus/omnivus/case-study.html]
[gizmoder.com/demo/html/omnivus/omnivus/assets/images/case-details-thumb.jpg]
[gizmoder.com/demo/html/omnivus/omnivus/assets/images/case-content-thumb.jpg]
[gizmoder.com/demo/html/omnivus/omnivus/assets/images/case-details-item-1.jpg]
[gizmoder.com/demo/html/omnivus/omnivus/assets/images/case-details-item-2.jpg]
[gizmoder.com/demo/html/omnivus/omnivus/assets/images/case-details-item-3.jpg]
[gizmoder.com/demo/html/omnivus/omnivus/assets/images/case-video-thumb.jpg]
[gizmoder.com/demo/html/omnivus/omnivus/assets/images/dot-box.png]
[gizmoder.com/demo/html/omnivus/omnivus/case-details.html]
[gizmoder.com/demo/html/omnivus/omnivus/coming-soon.html]
[gizmoder.com/demo/html/omnivus/omnivus/assets/images/error.png]
[gizmoder.com/demo/html/omnivus/omnivus/error.html]
[gizmoder.com/demo/html/omnivus/omnivus/assets/images/faq-thumb-item-1.jpg]
[gizmoder.com/demo/html/omnivus/omnivus/assets/images/faq-thumb-item-2.jpg]
[gizmoder.com/demo/html/omnivus/omnivus/assets/images/faq-video-thumb.jpg]
[gizmoder.com/demo/html/omnivus/omnivus/faq.html]
[gizmoder.com/demo/html/omnivus/omnivus/pricing.html]
[gizmoder.com/demo/html/omnivus/omnivus/assets/images/shop-1.jpg]
[gizmoder.com/demo/html/omnivus/omnivus/assets/images/shop-2.jpg]
[gizmoder.com/demo/html/omnivus/omnivus/assets/images/shop-3.jpg]
[gizmoder.com/demo/html/omnivus/omnivus/assets/images/shop-4.jpg]
[gizmoder.com/demo/html/omnivus/omnivus/assets/images/shop-5.jpg]
[gizmoder.com/demo/html/omnivus/omnivus/assets/images/shop-6.jpg]
[gizmoder.com/demo/html/omnivus/omnivus/assets/images/shop-7.jpg]
[gizmoder.com/demo/html/omnivus/omnivus/assets/images/shop-8.jpg]
[gizmoder.com/demo/html/omnivus/omnivus/assets/images/shop-9.jpg]
[gizmoder.com/demo/html/omnivus/omnivus/assets/images/shop-10.jpg]
[gizmoder.com/demo/html/omnivus/omnivus/assets/images/shop-11.jpg]
[gizmoder.com/demo/html/omnivus/omnivus/assets/images/shop-12.jpg]
[gizmoder.com/demo/html/omnivus/omnivus/assets/images/sidebar-ad.jpg]
[gizmoder.com/demo/html/omnivus/omnivus/shop.html]
[gizmoder.com/demo/html/omnivus/omnivus/assets/images/shop-product.jpg]
[gizmoder.com/demo/html/omnivus/omnivus/assets/images/shop-product-4.jpg]
[gizmoder.com/demo/html/omnivus/omnivus/assets/images/shop-product-1.jpg]
[gizmoder.com/demo/html/omnivus/omnivus/assets/images/shop-product-2.jpg]
[gizmoder.com/demo/html/omnivus/omnivus/assets/images/shop-product-3.jpg]
[gizmoder.com/demo/html/omnivus/omnivus/assets/images/shop-border.png]
[gizmoder.com/demo/html/omnivus/omnivus/shop-details.html]
[gizmoder.com/demo/html/omnivus/omnivus/assets/images/leadership-4.jpg]
[gizmoder.com/demo/html/omnivus/omnivus/assets/images/leadership-5.jpg]
[gizmoder.com/demo/html/omnivus/omnivus/assets/images/leadership-6.jpg]
[gizmoder.com/demo/html/omnivus/omnivus/assets/images/leadership-7.jpg]
[gizmoder.com/demo/html/omnivus/omnivus/assets/images/leadership-8.jpg]
[gizmoder.com/demo/html/omnivus/omnivus/assets/images/leadership-9.jpg]
[gizmoder.com/demo/html/omnivus/omnivus/assets/images/team-join-thumb.png]
[gizmoder.com/demo/html/omnivus/omnivus/team.html]
[gizmoder.com/demo/html/omnivus/omnivus/assets/images/team-details-thumb.jpg]
[gizmoder.com/demo/html/omnivus/omnivus/team-details.html]
[gizmoder.com/demo/html/omnivus/omnivus/assets/images/blog-standard-1.jpg]
[gizmoder.com/demo/html/omnivus/omnivus/assets/images/blog-girl.png]
[gizmoder.com/demo/html/omnivus/omnivus/assets/images/blog-standard-3.jpg]
[gizmoder.com/demo/html/omnivus/omnivus/assets/images/blog-standard-2.jpg]
[gizmoder.com/demo/html/omnivus/omnivus/assets/images/blog-about.png]
[gizmoder.com/demo/html/omnivus/omnivus/assets/images/feeds-1.png]
[gizmoder.com/demo/html/omnivus/omnivus/assets/images/feeds-2.png]
[gizmoder.com/demo/html/omnivus/omnivus/assets/images/feeds-3.png]
[gizmoder.com/demo/html/omnivus/omnivus/assets/images/feeds-4.png]
[gizmoder.com/demo/html/omnivus/omnivus/assets/images/instagram-1.jpg]
[gizmoder.com/demo/html/omnivus/omnivus/assets/images/instagram-2.jpg]
[gizmoder.com/demo/html/omnivus/omnivus/assets/images/instagram-3.jpg]
[gizmoder.com/demo/html/omnivus/omnivus/assets/images/instagram-4.jpg]
[gizmoder.com/demo/html/omnivus/omnivus/assets/images/instagram-5.jpg]
[gizmoder.com/demo/html/omnivus/omnivus/assets/images/instagram-6.jpg]
[gizmoder.com/demo/html/omnivus/omnivus/assets/images/instagram-7.jpg]
[gizmoder.com/demo/html/omnivus/omnivus/assets/images/instagram-8.jpg]
[gizmoder.com/demo/html/omnivus/omnivus/assets/images/instagram-9.jpg]
[gizmoder.com/demo/html/omnivus/omnivus/assets/images/sidebar-ad-2.jpg]
[gizmoder.com/demo/html/omnivus/omnivus/blog-standard.html]
[gizmoder.com/demo/html/omnivus/omnivus/assets/images/blog-grid-1.jpg]
[gizmoder.com/demo/html/omnivus/omnivus/assets/images/blog-grid-2.jpg]
[gizmoder.com/demo/html/omnivus/omnivus/assets/images/blog-grid-3.jpg]
[gizmoder.com/demo/html/omnivus/omnivus/assets/images/blog-grid-4.jpg]
[gizmoder.com/demo/html/omnivus/omnivus/assets/images/blog-grid-5.jpg]
[gizmoder.com/demo/html/omnivus/omnivus/assets/images/blog-grid-6.jpg]
[gizmoder.com/demo/html/omnivus/omnivus/assets/images/blog-grid-7.jpg]
[gizmoder.com/demo/html/omnivus/omnivus/assets/images/blog-grid-8.jpg]
[gizmoder.com/demo/html/omnivus/omnivus/assets/images/blog-grid-9.jpg]
[gizmoder.com/demo/html/omnivus/omnivus/assets/images/blog-grid-10.jpg]
[gizmoder.com/demo/html/omnivus/omnivus/assets/images/blog-grid-11.jpg]
[gizmoder.com/demo/html/omnivus/omnivus/assets/images/blog-grid-12.jpg]
[gizmoder.com/demo/html/omnivus/omnivus/blog-grid.html]
[gizmoder.com/demo/html/omnivus/omnivus/assets/images/blog-details-thumb.jpg]
[gizmoder.com/demo/html/omnivus/omnivus/assets/images/confarance.jpg]
[gizmoder.com/demo/html/omnivus/omnivus/assets/images/releted-1.jpg]
[gizmoder.com/demo/html/omnivus/omnivus/assets/images/releted-2.jpg]
[gizmoder.com/demo/html/omnivus/omnivus/assets/images/writter.jpg]
[gizmoder.com/demo/html/omnivus/omnivus/assets/images/blog-cmnt-1.png]
[gizmoder.com/demo/html/omnivus/omnivus/assets/images/blog-cmnt-2.png]
[gizmoder.com/demo/html/omnivus/omnivus/assets/images/blog-cmnt-3.png]
[gizmoder.com/demo/html/omnivus/omnivus/blog-details.html]
[gizmoder.com/demo/html/omnivus/omnivus/assets/images/contact-thumb.jpg]
[gizmoder.com/demo/html/omnivus/omnivus/contact.html]
[gizmoder.com/demo/html/omnivus/omnivus/assets/js/vendor/modernizr-3.6.0.min.js]
[gizmoder.com/demo/html/omnivus/omnivus/assets/js/vendor/jquery-1.12.4.min.js]
[gizmoder.com/demo/html/omnivus/omnivus/popper.js]
[gizmoder.com/demo/html/omnivus/omnivus/assets/js/bootstrap.min.js]
[gizmoder.com/demo/html/omnivus/omnivus/assets/js/popper.min.js]
[gizmoder.com/demo/html/omnivus/omnivus/assets/js/slick.min.js]
[gizmoder.com/demo/html/omnivus/omnivus/assets/js/isotope.pkgd.min.js]
[gizmoder.com/demo/html/omnivus/omnivus/assets/js/imagesloaded.pkgd.min.js]
[gizmoder.com/demo/html/omnivus/omnivus/assets/js/jquery.magnific-popup.min.js]
[gizmoder.com/demo/html/omnivus/omnivus/assets/js/jquery.counterup.min.js]
[gizmoder.com/demo/html/omnivus/omnivus/assets/js/circle-progress.min.js]
[gizmoder.com/demo/html/omnivus/omnivus/assets/js/ajax-contact.js]
[gizmoder.com/demo/html/omnivus/omnivus/assets/js/jquery.syotimer.min.js]
[gizmoder.com/demo/html/omnivus/omnivus/assets/js/jquery.nice-select.min.js]
[gizmoder.com/demo/html/omnivus/omnivus/assets/js/wow.min.js]
[gizmoder.com/demo/html/omnivus/omnivus/assets/js/waypoints.min.js]
[gizmoder.com/demo/html/omnivus/omnivus/assets/js/main.js]
[gizmoder.com/demo/html/omnivus/omnivus/assets/fonts/fa-brands-400.html]
[gizmoder.com/demo/html/omnivus/omnivus/assets/fonts/fa-brands-400d41d.html]
[gizmoder.com/demo/html/omnivus/omnivus/assets/fonts/fa-brands-401.html]
[gizmoder.com/demo/html/omnivus/omnivus/assets/fonts/fa-brands-402.html]
[gizmoder.com/demo/html/omnivus/omnivus/assets/fonts/fa-brands-403.html]
[gizmoder.com/demo/html/omnivus/omnivus/assets/fonts/fa-brands-404.html]
[gizmoder.com/demo/html/omnivus/omnivus/assets/fonts/fa-light-300.html]
[gizmoder.com/demo/html/omnivus/omnivus/assets/fonts/fa-light-300d41d.html]
[gizmoder.com/demo/html/omnivus/omnivus/assets/fonts/fa-light-301.html]
[gizmoder.com/demo/html/omnivus/omnivus/assets/fonts/fa-light-302.html]
[gizmoder.com/demo/html/omnivus/omnivus/assets/fonts/fa-light-303.html]
[gizmoder.com/demo/html/omnivus/omnivus/assets/fonts/fa-light-304.html]
[gizmoder.com/demo/html/omnivus/omnivus/assets/fonts/fa-regular-400.html]
[gizmoder.com/demo/html/omnivus/omnivus/assets/fonts/fa-regular-400d41d.html]
[gizmoder.com/demo/html/omnivus/omnivus/assets/fonts/fa-regular-401.html]
[gizmoder.com/demo/html/omnivus/omnivus/assets/fonts/fa-regular-402.html]
[gizmoder.com/demo/html/omnivus/omnivus/assets/fonts/fa-regular-403.html]
[gizmoder.com/demo/html/omnivus/omnivus/assets/fonts/fa-regular-404.html]
[gizmoder.com/demo/html/omnivus/omnivus/assets/fonts/fa-solid-900.html]
[gizmoder.com/demo/html/omnivus/omnivus/assets/fonts/fa-solid-900d41d.html]
[gizmoder.com/demo/html/omnivus/omnivus/assets/fonts/fa-solid-901.html]
[gizmoder.com/demo/html/omnivus/omnivus/assets/fonts/fa-solid-902.html]
[gizmoder.com/demo/html/omnivus/omnivus/assets/fonts/fa-solid-903.html]
[gizmoder.com/demo/html/omnivus/omnivus/assets/fonts/fa-solid-904.html]
[gizmoder.com/demo/html/omnivus/omnivus/assets/fonts/GilroyBold.html]
[gizmoder.com/demo/html/omnivus/omnivus/assets/fonts/GilroyBold-2.html]
[gizmoder.com/demo/html/omnivus/omnivus/assets/fonts/GilroyBold-3.html]
[gizmoder.com/demo/html/omnivus/omnivus/assets/fonts/GilroyBold-4.html]
[gizmoder.com/demo/html/omnivus/omnivus/assets/fonts/GilroyBold.svg]
[gizmoder.com/demo/html/omnivus/omnivus/www.youtube.com/watch05ac.html]
[gizmoder.com/demo/html/omnivus/omnivus/popper.html]
